

Working Directory = /homes/user/stud/fall22/zm2404/E6693/project/DA1_30
QoS Summary for fpu_double
==========================================================================================
Metric                          generic         map             syn_opt         final          
==========================================================================================
Slack (ps):                       401               0               0               0
  R2R (ps):                       401               0               0               0
  I2R (ps):                  no_value        no_value        no_value        no_value
  R2O (ps):                     2,196           2,157           2,157           2,157
  I2O (ps):                  no_value        no_value        no_value        no_value
  CG  (ps):                  no_value        no_value        no_value        no_value
TNS (ps):                           0               0               0               0
  R2R (ps):                         0               0               0               0
  I2R (ps):                  no_value        no_value        no_value        no_value
  R2O (ps):                         0               0               0               0
  I2O (ps):                  no_value        no_value        no_value        no_value
  CG  (ps):                  no_value        no_value        no_value        no_value
Failing Paths:                      0               0               0               0
Cell Area:                    189,982          92,773          87,609          87,609
Total Cell Area:              189,982          92,773          87,609          87,609
Leaf Instances:                58,525          30,877          29,754          29,754
Total Instances:               58,525          30,877          29,754          29,754
Utilization (%):                 0.00            0.00            0.00            0.00
Tot. Net Length (um):        no_value        no_value        no_value        no_value
Avg. Net Length (um):        no_value        no_value        no_value        no_value
Route Overflow H (%):        no_value        no_value        no_value        no_value
Route Overflow V (%):        no_value        no_value        no_value        no_value
MBCI(%) (bits/gate) :            0.00            0.00            0.00            0.00
Norm Cong Hotspot Area:
  Max Cong:                  no_value        no_value        no_value        no_value
  Tot Cong:                  no_value        no_value        no_value        no_value
==========================================================================================
CPU  Runtime (h:m:s):        00:05:04        00:12:26        00:02:51        00:00:04
Real Runtime (h:m:s):        00:04:09        00:08:30        00:02:56        00:00:07
CPU  Elapsed (h:m:s):        00:05:10        00:17:35        00:20:25        00:20:30
Real Elapsed (h:m:s):        00:04:15        00:12:44        00:15:39        00:15:47
Memory (MB):                  1611.19         1610.93         1601.75         1653.59
==========================================================================================
==========================================================================================
Flow Settings:
==========================================================================================
Total Runtime (h:m:s): 00:15:47
Total Memory (MB):     1653.59
Executable Version:    21.16-s062_1
==========================================================================================
Total Cell Area =  Cell Area + Physical Cell Area
Total Instances =  Leaf Instances + Physical Instances


