

Working Directory = /homes/user/stud/fall22/zm2404/E6693/project/DA1_20
QoS Summary for fpu_double
==========================================================================================
Metric                          generic         map             syn_opt         final          
==========================================================================================
Slack (ps):                      -531            -451             -61             -61
  R2R (ps):                      -531            -451             -61             -61
  I2R (ps):                  no_value        no_value        no_value        no_value
  R2O (ps):                     1,510           1,508           1,508           1,508
  I2O (ps):                  no_value        no_value        no_value        no_value
  CG  (ps):                  no_value        no_value        no_value        no_value
TNS (ps):                     -42,217         -71,883          -5,374          -5,374
  R2R (ps):                   -42,217         -71,883          -5,374          -5,374
  I2R (ps):                  no_value        no_value        no_value        no_value
  R2O (ps):                         0               0               0               0
  I2O (ps):                  no_value        no_value        no_value        no_value
  CG  (ps):                  no_value        no_value        no_value        no_value
Failing Paths:                    165             213             148             148
Cell Area:                    195,954         111,953         151,196         151,196
Total Cell Area:              195,954         111,953         151,196         151,196
Leaf Instances:                60,763          35,700          46,322          46,322
Total Instances:               60,763          35,700          46,322          46,322
Utilization (%):                 0.00            0.00            0.00            0.00
Tot. Net Length (um):        no_value        no_value        no_value        no_value
Avg. Net Length (um):        no_value        no_value        no_value        no_value
Route Overflow H (%):        no_value        no_value        no_value        no_value
Route Overflow V (%):        no_value        no_value        no_value        no_value
MBCI(%) (bits/gate) :            0.00            0.00            0.00            0.00
Norm Cong Hotspot Area:
  Max Cong:                  no_value        no_value        no_value        no_value
  Tot Cong:                  no_value        no_value        no_value        no_value
==========================================================================================
CPU  Runtime (h:m:s):        00:04:24        00:12:37        00:19:09        00:00:02
Real Runtime (h:m:s):        00:03:04        00:06:27        00:19:13        00:00:04
CPU  Elapsed (h:m:s):        00:04:29        00:17:07        00:36:14        00:36:17
Real Elapsed (h:m:s):        00:03:07        00:09:37        00:28:47        00:28:51
Memory (MB):                  1610.48         1611.40         1603.50         1645.34
==========================================================================================
==========================================================================================
Flow Settings:
==========================================================================================
Total Runtime (h:m:s): 00:28:50
Total Memory (MB):     1645.34
Executable Version:    21.16-s062_1
==========================================================================================
Total Cell Area =  Cell Area + Physical Cell Area
Total Instances =  Leaf Instances + Physical Instances


