

Working Directory = /homes/user/stud/fall22/zm2404/E6693/project/DA1_6
QoS Summary for fpu_double
==========================================================================================
Metric                          generic         map             syn_opt         final          
==========================================================================================
Slack (ps):                       163               0               0               0
  R2R (ps):                       163               0               0               0
  I2R (ps):                  no_value        no_value        no_value        no_value
  R2O (ps):                     1,958           1,932           1,932           1,932
  I2O (ps):                  no_value        no_value        no_value        no_value
  CG  (ps):                  no_value        no_value        no_value        no_value
TNS (ps):                           0               0               0               0
  R2R (ps):                         0               0               0               0
  I2R (ps):                  no_value        no_value        no_value        no_value
  R2O (ps):                         0               0               0               0
  I2O (ps):                  no_value        no_value        no_value        no_value
  CG  (ps):                  no_value        no_value        no_value        no_value
Failing Paths:                      0               0               0               0
Cell Area:                    190,553         100,201          94,300          94,300
Total Cell Area:              190,553         100,201          94,300          94,300
Leaf Instances:                58,740          32,747          31,113          31,113
Total Instances:               58,740          32,747          31,113          31,113
Utilization (%):                 0.00            0.00            0.00            0.00
Tot. Net Length (um):        no_value        no_value        no_value        no_value
Avg. Net Length (um):        no_value        no_value        no_value        no_value
Route Overflow H (%):        no_value        no_value        no_value        no_value
Route Overflow V (%):        no_value        no_value        no_value        no_value
MBCI(%) (bits/gate) :            0.00            0.00            0.00            0.00
Norm Cong Hotspot Area:
  Max Cong:                  no_value        no_value        no_value        no_value
  Tot Cong:                  no_value        no_value        no_value        no_value
==========================================================================================
CPU  Runtime (h:m:s):        00:05:35        00:11:47        00:02:41        00:00:02
Real Runtime (h:m:s):        00:04:59        00:08:56        00:02:35        00:00:04
CPU  Elapsed (h:m:s):        00:05:42        00:17:27        00:20:08        00:20:11
Real Elapsed (h:m:s):        00:05:05        00:14:00        00:16:35        00:16:38
Memory (MB):                  1613.93         1611.68         1602.49         1644.34
==========================================================================================
==========================================================================================
Flow Settings:
==========================================================================================
Total Runtime (h:m:s): 00:16:36
Total Memory (MB):     1644.34
Executable Version:    21.16-s062_1
==========================================================================================
Total Cell Area =  Cell Area + Physical Cell Area
Total Instances =  Leaf Instances + Physical Instances


