

Working Directory = /homes/user/stud/fall22/zm2404/E6693/project/DA1_36
QoS Summary for fpu_double
==========================================================================================
Metric                          generic         map             syn_opt         final          
==========================================================================================
Slack (ps):                       225               0               0               0
  R2R (ps):                       225               0               0               0
  I2R (ps):                  no_value        no_value        no_value        no_value
  R2O (ps):                     2,007           1,979           1,979           1,979
  I2O (ps):                  no_value        no_value        no_value        no_value
  CG  (ps):                  no_value        no_value        no_value        no_value
TNS (ps):                           0               0               0               0
  R2R (ps):                         0               0               0               0
  I2R (ps):                  no_value        no_value        no_value        no_value
  R2O (ps):                         0               0               0               0
  I2O (ps):                  no_value        no_value        no_value        no_value
  CG  (ps):                  no_value        no_value        no_value        no_value
Failing Paths:                      0               0               0               0
Cell Area:                    190,520         100,535          92,965          92,965
Total Cell Area:              190,520         100,535          92,965          92,965
Leaf Instances:                58,727          32,719          30,681          30,681
Total Instances:               58,727          32,719          30,681          30,681
Utilization (%):                 0.00            0.00            0.00            0.00
Tot. Net Length (um):        no_value        no_value        no_value        no_value
Avg. Net Length (um):        no_value        no_value        no_value        no_value
Route Overflow H (%):        no_value        no_value        no_value        no_value
Route Overflow V (%):        no_value        no_value        no_value        no_value
MBCI(%) (bits/gate) :            0.00            0.00            0.00            0.00
Norm Cong Hotspot Area:
  Max Cong:                  no_value        no_value        no_value        no_value
  Tot Cong:                  no_value        no_value        no_value        no_value
==========================================================================================
CPU  Runtime (h:m:s):        00:05:35        00:11:01        00:02:45        00:00:02
Real Runtime (h:m:s):        00:05:02        00:08:07        00:02:46        00:00:04
CPU  Elapsed (h:m:s):        00:05:42        00:16:42        00:19:26        00:19:28
Real Elapsed (h:m:s):        00:05:07        00:13:14        00:15:59        00:16:03
Memory (MB):                  1607.32         1607.24         1599.05         1639.90
==========================================================================================
==========================================================================================
Flow Settings:
==========================================================================================
Total Runtime (h:m:s): 00:16:01
Total Memory (MB):     1639.90
Executable Version:    21.16-s062_1
==========================================================================================
Total Cell Area =  Cell Area + Physical Cell Area
Total Instances =  Leaf Instances + Physical Instances


