

Working Directory = /homes/user/stud/fall22/zm2404/E6693/project/DA1_16
QoS Summary for fpu_double
==========================================================================================
Metric                          generic         map             syn_opt         final          
==========================================================================================
Slack (ps):                       422               3               0               0
  R2R (ps):                       422               3               0               0
  I2R (ps):                  no_value        no_value        no_value        no_value
  R2O (ps):                     2,322           2,277           2,277           2,277
  I2O (ps):                  no_value        no_value        no_value        no_value
  CG  (ps):                  no_value        no_value        no_value        no_value
TNS (ps):                           0               0               0               0
  R2R (ps):                         0               0               0               0
  I2R (ps):                  no_value        no_value        no_value        no_value
  R2O (ps):                         0               0               0               0
  I2O (ps):                  no_value        no_value        no_value        no_value
  CG  (ps):                  no_value        no_value        no_value        no_value
Failing Paths:                      0               0               0               0
Cell Area:                    189,696          90,419          85,564          85,564
Total Cell Area:              189,696          90,419          85,564          85,564
Leaf Instances:                58,418          30,608          29,519          29,519
Total Instances:               58,418          30,608          29,519          29,519
Utilization (%):                 0.00            0.00            0.00            0.00
Tot. Net Length (um):        no_value        no_value        no_value        no_value
Avg. Net Length (um):        no_value        no_value        no_value        no_value
Route Overflow H (%):        no_value        no_value        no_value        no_value
Route Overflow V (%):        no_value        no_value        no_value        no_value
MBCI(%) (bits/gate) :            0.00            0.00            0.00            0.00
Norm Cong Hotspot Area:
  Max Cong:                  no_value        no_value        no_value        no_value
  Tot Cong:                  no_value        no_value        no_value        no_value
==========================================================================================
CPU  Runtime (h:m:s):        00:03:47        00:10:42        00:01:28        00:00:03
Real Runtime (h:m:s):        00:02:36        00:03:41        00:01:20        00:00:03
CPU  Elapsed (h:m:s):        00:03:53        00:14:33        00:16:02        00:16:04
Real Elapsed (h:m:s):        00:02:40        00:06:21        00:07:40        00:07:44
Memory (MB):                  1594.79         1594.53         1593.35         1650.20
==========================================================================================
==========================================================================================
Flow Settings:
==========================================================================================
Total Runtime (h:m:s): 00:07:43
Total Memory (MB):     1650.20
Executable Version:    21.16-s062_1
==========================================================================================
Total Cell Area =  Cell Area + Physical Cell Area
Total Instances =  Leaf Instances + Physical Instances


