

Working Directory = /homes/user/stud/fall22/zm2404/E6693/project/DA1_25
QoS Summary for fpu_double
==========================================================================================
Metric                          generic         map             syn_opt         final          
==========================================================================================
Slack (ps):                       451               2               0               0
  R2R (ps):                       451               2               0               0
  I2R (ps):                  no_value        no_value        no_value        no_value
  R2O (ps):                     2,224           2,184           2,184           2,184
  I2O (ps):                  no_value        no_value        no_value        no_value
  CG  (ps):                  no_value        no_value        no_value        no_value
TNS (ps):                           0               0               0               0
  R2R (ps):                         0               0               0               0
  I2R (ps):                  no_value        no_value        no_value        no_value
  R2O (ps):                         0               0               0               0
  I2O (ps):                  no_value        no_value        no_value        no_value
  CG  (ps):                  no_value        no_value        no_value        no_value
Failing Paths:                      0               0               0               0
Cell Area:                    190,054          91,957          86,998          86,998
Total Cell Area:              190,054          91,957          86,998          86,998
Leaf Instances:                58,552          30,979          29,899          29,899
Total Instances:               58,552          30,979          29,899          29,899
Utilization (%):                 0.00            0.00            0.00            0.00
Tot. Net Length (um):        no_value        no_value        no_value        no_value
Avg. Net Length (um):        no_value        no_value        no_value        no_value
Route Overflow H (%):        no_value        no_value        no_value        no_value
Route Overflow V (%):        no_value        no_value        no_value        no_value
MBCI(%) (bits/gate) :            0.00            0.00            0.00            0.00
Norm Cong Hotspot Area:
  Max Cong:                  no_value        no_value        no_value        no_value
  Tot Cong:                  no_value        no_value        no_value        no_value
==========================================================================================
CPU  Runtime (h:m:s):        00:05:30        00:12:07        00:01:53        00:00:03
Real Runtime (h:m:s):        00:04:36        00:05:45        00:01:44        00:00:04
CPU  Elapsed (h:m:s):        00:05:37        00:17:41        00:19:34        00:19:37
Real Elapsed (h:m:s):        00:04:44        00:10:25        00:12:09        00:12:13
Memory (MB):                  1612.56         1609.48         1610.30         1647.14
==========================================================================================
==========================================================================================
Flow Settings:
==========================================================================================
Total Runtime (h:m:s): 00:12:12
Total Memory (MB):     1647.14
Executable Version:    21.16-s062_1
==========================================================================================
Total Cell Area =  Cell Area + Physical Cell Area
Total Instances =  Leaf Instances + Physical Instances


