

Working Directory = /homes/user/stud/fall22/zm2404/E6693/project/DA1_14
QoS Summary for fpu_double
==========================================================================================
Metric                          generic         map             syn_opt         final          
==========================================================================================
Slack (ps):                       215               0               0               0
  R2R (ps):                       215               0               0               0
  I2R (ps):                  no_value        no_value        no_value        no_value
  R2O (ps):                     2,105           2,071           2,071           2,071
  I2O (ps):                  no_value        no_value        no_value        no_value
  CG  (ps):                  no_value        no_value        no_value        no_value
TNS (ps):                           0               0               0               0
  R2R (ps):                         0               0               0               0
  I2R (ps):                  no_value        no_value        no_value        no_value
  R2O (ps):                         0               0               0               0
  I2O (ps):                  no_value        no_value        no_value        no_value
  CG  (ps):                  no_value        no_value        no_value        no_value
Failing Paths:                      0               0               0               0
Cell Area:                    190,352          93,727          89,167          89,167
Total Cell Area:              190,352          93,727          89,167          89,167
Leaf Instances:                58,664          31,348          30,328          30,328
Total Instances:               58,664          31,348          30,328          30,328
Utilization (%):                 0.00            0.00            0.00            0.00
Tot. Net Length (um):        no_value        no_value        no_value        no_value
Avg. Net Length (um):        no_value        no_value        no_value        no_value
Route Overflow H (%):        no_value        no_value        no_value        no_value
Route Overflow V (%):        no_value        no_value        no_value        no_value
MBCI(%) (bits/gate) :            0.00            0.00            0.00            0.00
Norm Cong Hotspot Area:
  Max Cong:                  no_value        no_value        no_value        no_value
  Tot Cong:                  no_value        no_value        no_value        no_value
==========================================================================================
CPU  Runtime (h:m:s):        00:04:08        00:10:22        00:01:38        00:00:03
Real Runtime (h:m:s):        00:02:57        00:04:28        00:01:31        00:00:02
CPU  Elapsed (h:m:s):        00:04:13        00:14:34        00:16:13        00:16:15
Real Elapsed (h:m:s):        00:03:01        00:07:29        00:08:59        00:09:02
Memory (MB):                  1621.18         1623.11         1621.93         1668.77
==========================================================================================
==========================================================================================
Flow Settings:
==========================================================================================
Total Runtime (h:m:s): 00:09:00
Total Memory (MB):     1668.77
Executable Version:    21.16-s062_1
==========================================================================================
Total Cell Area =  Cell Area + Physical Cell Area
Total Instances =  Leaf Instances + Physical Instances


