

Working Directory = /homes/user/stud/fall22/zm2404/E6693/project/DA1_39
QoS Summary for fpu_double
==========================================================================================
Metric                          generic         map             syn_opt         final          
==========================================================================================
Slack (ps):                        64             -19               0               0
  R2R (ps):                        64             -19               0               0
  I2R (ps):                  no_value        no_value        no_value        no_value
  R2O (ps):                     1,874           1,853           1,853           1,853
  I2O (ps):                  no_value        no_value        no_value        no_value
  CG  (ps):                  no_value        no_value        no_value        no_value
TNS (ps):                           0            -280               0               0
  R2R (ps):                         0            -280               0               0
  I2R (ps):                  no_value        no_value        no_value        no_value
  R2O (ps):                         0               0               0               0
  I2O (ps):                  no_value        no_value        no_value        no_value
  CG  (ps):                  no_value        no_value        no_value        no_value
Failing Paths:                      0              25               0               0
Cell Area:                    193,977         105,731          97,474          97,474
Total Cell Area:              193,977         105,731          97,474          97,474
Leaf Instances:                60,022          33,975          31,480          31,480
Total Instances:               60,022          33,975          31,480          31,480
Utilization (%):                 0.00            0.00            0.00            0.00
Tot. Net Length (um):        no_value        no_value        no_value        no_value
Avg. Net Length (um):        no_value        no_value        no_value        no_value
Route Overflow H (%):        no_value        no_value        no_value        no_value
Route Overflow V (%):        no_value        no_value        no_value        no_value
MBCI(%) (bits/gate) :            0.00            0.00            0.00            0.00
Norm Cong Hotspot Area:
  Max Cong:                  no_value        no_value        no_value        no_value
  Tot Cong:                  no_value        no_value        no_value        no_value
==========================================================================================
CPU  Runtime (h:m:s):        00:02:28        00:05:01        00:01:26        00:00:02
Real Runtime (h:m:s):        00:01:59        00:01:53        00:01:19        00:00:03
CPU  Elapsed (h:m:s):        00:02:33        00:07:33        00:08:59        00:09:01
Real Elapsed (h:m:s):        00:02:03        00:03:56        00:05:15        00:05:18
Memory (MB):                  1604.43         1606.18         1607.00         1653.84
==========================================================================================
==========================================================================================
Flow Settings:
==========================================================================================
Total Runtime (h:m:s): 00:05:16
Total Memory (MB):     1653.84
Executable Version:    21.16-s062_1
==========================================================================================
Total Cell Area =  Cell Area + Physical Cell Area
Total Instances =  Leaf Instances + Physical Instances


