

Working Directory = /homes/user/stud/fall22/xf2247/ee6693/project/DA1
QoS Summary for fpu_double
==========================================================================================
Metric                          generic         map             syn_opt         final          
==========================================================================================
Slack (ps):                    -2,139          -2,103          -1,848          -1,848
  R2R (ps):                    -2,139          -2,103          -1,848          -1,848
  I2R (ps):                      -299            -820          -1,034          -1,034
  R2O (ps):                       320             383             377             377
  I2O (ps):                  no_value        no_value        no_value        no_value
  CG  (ps):                  no_value        no_value        no_value        no_value
TNS (ps):                  -1,411,292      -2,728,944      -1,366,316      -1,366,316
  R2R (ps):                -1,411,292      -2,138,342      -1,366,143      -1,366,143
  I2R (ps):                   -16,749      -1,766,851        -168,572        -168,572
  R2O (ps):                         0               0               0               0
  I2O (ps):                  no_value        no_value        no_value        no_value
  CG  (ps):                  no_value        no_value        no_value        no_value
Failing Paths:                  3,077           4,988           3,206           3,206
Cell Area:                    207,216         146,358         180,450         180,450
Total Cell Area:              207,216         146,358         180,450         180,450
Leaf Instances:                65,154          42,718          47,822          47,822
Total Instances:               65,154          42,718          47,822          47,822
Utilization (%):                 0.00            0.00            0.00            0.00
Tot. Net Length (um):        no_value        no_value        no_value        no_value
Avg. Net Length (um):        no_value        no_value        no_value        no_value
Route Overflow H (%):        no_value        no_value        no_value        no_value
Route Overflow V (%):        no_value        no_value        no_value        no_value
MBCI(%) (bits/gate) :            0.00            0.00            0.00            0.00
Norm Cong Hotspot Area:
  Max Cong:                  no_value        no_value        no_value        no_value
  Tot Cong:                  no_value        no_value        no_value        no_value
==========================================================================================
CPU  Runtime (h:m:s):        00:03:37        00:07:14        00:18:34        00:00:03
Real Runtime (h:m:s):        00:02:23        00:02:51        00:17:29        00:00:04
CPU  Elapsed (h:m:s):        00:03:41        00:10:56        00:29:29        00:29:32
Real Elapsed (h:m:s):        00:02:27        00:05:17        00:22:47        00:22:51
Memory (MB):                  1630.62         1631.54         1625.64         1665.48
==========================================================================================
==========================================================================================
Flow Settings:
==========================================================================================
Total Runtime (h:m:s): 00:22:50
Total Memory (MB):     1665.48
Executable Version:    21.16-s062_1
==========================================================================================
Total Cell Area =  Cell Area + Physical Cell Area
Total Instances =  Leaf Instances + Physical Instances


final_area.rpt
 Instance      Module      Cell Count  Cell Area  Net Area   Total Area 
------------------------------------------------------------------------
fpu_double                      47822 180450.178 57681.790   238131.968 
  u2       fpu_sub               4676  17710.641  5756.880    23467.521 
  u6       fpu_exceptions        1461   5415.655  1544.798     6960.453 
final_power.rpt
  -------------------------------------------------------------------------
    Category         Leakage     Internal    Switching        Total    Row%
  -------------------------------------------------------------------------
      memory     0.00000e+00  0.00000e+00  0.00000e+00  0.00000e+00   0.00%
    register     1.53576e-06  5.35298e-02  5.97899e-03  5.95103e-02  30.06%
       latch     1.22503e-09  2.40385e-06  2.34292e-06  4.74799e-06   0.00%
       logic     9.88743e-06  7.67414e-02  6.17165e-02  1.38468e-01  69.94%
        bbox     0.00000e+00  0.00000e+00  0.00000e+00  0.00000e+00   0.00%
       clock     0.00000e+00  0.00000e+00  0.00000e+00  0.00000e+00   0.00%
         pad     0.00000e+00  0.00000e+00  0.00000e+00  0.00000e+00   0.00%
          pm     0.00000e+00  0.00000e+00  0.00000e+00  0.00000e+00   0.00%
  -------------------------------------------------------------------------
    Subtotal     1.14244e-05  1.30274e-01  6.76978e-02  1.97983e-01 100.00%
  Percentage           0.01%       65.80%       34.19%      100.00% 100.00%
  -------------------------------------------------------------------------
