

Working Directory = /homes/user/stud/fall22/xf2247/ee6693/project/DA1
QoS Summary for fpu_double
==========================================================================================
Metric                          generic         map             syn_opt         final          
==========================================================================================
Slack (ps):                    -2,139          -2,131          -1,847          -1,847
  R2R (ps):                    -2,139          -2,131          -1,847          -1,847
  I2R (ps):                      -299            -734            -738            -738
  R2O (ps):                       -80             -23             -23             -23
  I2O (ps):                  no_value        no_value        no_value        no_value
  CG  (ps):                  no_value        no_value        no_value        no_value
TNS (ps):                  -1,416,782      -2,270,717      -1,314,778      -1,314,778
  R2R (ps):                -1,411,292      -1,949,945      -1,313,244      -1,313,244
  I2R (ps):                   -16,749      -1,157,307        -215,304        -215,304
  R2O (ps):                    -5,490          -1,117          -1,518          -1,518
  I2O (ps):                  no_value        no_value        no_value        no_value
  CG  (ps):                  no_value        no_value        no_value        no_value
Failing Paths:                  3,147           4,986           2,709           2,709
Cell Area:                    207,216         146,391         175,594         175,594
Total Cell Area:              207,216         146,391         175,594         175,594
Leaf Instances:                65,154          42,466          45,614          45,614
Total Instances:               65,154          42,466          45,614          45,614
Utilization (%):                 0.00            0.00            0.00            0.00
Tot. Net Length (um):        no_value        no_value        no_value        no_value
Avg. Net Length (um):        no_value        no_value        no_value        no_value
Route Overflow H (%):        no_value        no_value        no_value        no_value
Route Overflow V (%):        no_value        no_value        no_value        no_value
MBCI(%) (bits/gate) :            0.00            0.00            0.00            0.00
Norm Cong Hotspot Area:
  Max Cong:                  no_value        no_value        no_value        no_value
  Tot Cong:                  no_value        no_value        no_value        no_value
==========================================================================================
CPU  Runtime (h:m:s):        00:11:57        00:19:45        00:58:06        00:00:10
Real Runtime (h:m:s):        00:08:10        00:09:31        00:57:03        00:00:14
CPU  Elapsed (h:m:s):        00:12:09        00:31:53        01:30:00        01:30:09
Real Elapsed (h:m:s):        00:08:18        00:17:48        01:14:51        01:15:06
Memory (MB):                  1608.21         1601.12         1600.59         1646.43
==========================================================================================
==========================================================================================
Flow Settings:
==========================================================================================
Total Runtime (h:m:s): 01:15:05
Total Memory (MB):     1646.43
Executable Version:    21.16-s062_1
==========================================================================================
Total Cell Area =  Cell Area + Physical Cell Area
Total Instances =  Leaf Instances + Physical Instances


final_area.rpt
 Instance      Module      Cell Count  Cell Area  Net Area   Total Area 
------------------------------------------------------------------------
fpu_double                      45614 175594.411 55669.409   231263.820 
  u2       fpu_sub               4502  17573.738  5659.855    23233.593 
  u6       fpu_exceptions        1465   5673.763  1548.447     7222.210 
final_power.rpt
  -------------------------------------------------------------------------
    Category         Leakage     Internal    Switching        Total    Row%
  -------------------------------------------------------------------------
      memory     0.00000e+00  0.00000e+00  0.00000e+00  0.00000e+00   0.00%
    register     1.58458e-06  5.35739e-02  6.32005e-03  5.98956e-02  31.23%
       latch     1.22503e-09  2.40948e-06  2.32104e-06  4.73174e-06   0.00%
       logic     9.45892e-06  7.31922e-02  5.86970e-02  1.31899e-01  68.77%
        bbox     0.00000e+00  0.00000e+00  0.00000e+00  0.00000e+00   0.00%
       clock     0.00000e+00  0.00000e+00  0.00000e+00  0.00000e+00   0.00%
         pad     0.00000e+00  0.00000e+00  0.00000e+00  0.00000e+00   0.00%
          pm     0.00000e+00  0.00000e+00  0.00000e+00  0.00000e+00   0.00%
  -------------------------------------------------------------------------
    Subtotal     1.10447e-05  1.26769e-01  6.50194e-02  1.91799e-01 100.00%
  Percentage           0.01%       66.09%       33.90%      100.00% 100.00%
  -------------------------------------------------------------------------
